1 1 N STOPPED
1 2 N STOPPED
1 3 N STOPPED
2 1 N STOPPED
2 2 N STOPPED
2 3 N STOPPED
3 1 N STOPPED
3 2 N STOPPED
3 3 N STOPPED
4 1 N STOPPED
4 2 N STOPPED
4 3 N STOPPED
5 1 N STOPPED
5 2 N STOPPED
5 3 N STOPPED
