1 1 E OPERATIONAL
1 2 E OPERATIONAL
1 3 E OPERATIONAL
2 1 E OPERATIONAL
2 2 E OPERATIONAL
2 3 E OPERATIONAL
3 1 E OPERATIONAL
3 2 E OPERATIONAL
3 3 E OPERATIONAL
4 1 W OPERATIONAL
4 2 W OPERATIONAL
4 3 W OPERATIONAL
5 1 S OPERATIONAL
5 2 S OPERATIONAL
5 3 S OPERATIONAL
